exports[`<Button /> should render a label 1`] = `
ShallowWrapper {
  "complexSelector": ComplexSelector {
    "buildPredicate": [Function],
    "childrenOfNode": [Function],
    "findWhereUnwrapped": [Function],
  },
  "length": 1,
  "node": <button
    className={
        Object {
            "data-css-2dr2o8": "",
          }
    }>
    MyLabel
</button>,
  "nodes": Array [
    <button
      className={
            Object {
                  "data-css-2dr2o8": "",
                }
      }>
      MyLabel
</button>,
  ],
  "options": Object {},
  "renderer": ReactShallowRenderer {
    "_instance": ShallowComponentWrapper {
      "_calledComponentWillUnmount": false,
      "_compositeType": 1,
      "_context": Object {},
      "_currentElement": <Button
        label="MyLabel" />,
      "_debugID": 1,
      "_hostContainerInfo": null,
      "_hostParent": null,
      "_instance": Button {
        "_reactInternalInstance": [Circular],
        "context": Object {},
        "props": Object {
          "label": "MyLabel",
        },
        "refs": Object {},
        "state": Object {
          "active": false,
        },
        "toggleActive": [Function],
        "updater": Object {
          "enqueueCallback": [Function],
          "enqueueCallbackInternal": [Function],
          "enqueueElementInternal": [Function],
          "enqueueForceUpdate": [Function],
          "enqueueReplaceState": [Function],
          "enqueueSetState": [Function],
          "isMounted": [Function],
          "validateCallback": [Function],
        },
      },
      "_mountOrder": 1,
      "_pendingCallbacks": null,
      "_pendingElement": null,
      "_pendingForceUpdate": false,
      "_pendingReplaceState": false,
      "_pendingStateQueue": null,
      "_renderedComponent": NoopInternalComponent {
        "_currentElement": <button
          className={
                    Object {
                              "data-css-2dr2o8": "",
                            }
          }>
          MyLabel
</button>,
        "_debugID": 2,
        "_renderedOutput": <button
          className={
                    Object {
                              "data-css-2dr2o8": "",
                            }
          }>
          MyLabel
</button>,
      },
      "_renderedNodeType": 0,
      "_rootNodeID": 0,
      "_topLevelWrapper": null,
      "_updateBatchNumber": null,
      "_warnedAboutRefsInRender": false,
    },
    "getRenderOutput": [Function],
    "render": [Function],
  },
  "root": [Circular],
  "unrendered": <Button
    label="MyLabel" />,
}
`;
